[2026-04-22 18:00:25] ========================================
[2026-04-22 18:00:25] 🔄 IPTV + EPG 自动更新开始
[2026-04-22 18:00:25] ========================================
[2026-04-22 18:00:25] 检查 IPTV 源状态...
[2026-04-22 18:00:25] 下载：https://raw.githubusercontent.com/michaelactions/iptv-jh/main/iptv.m3u
[2026-04-22 18:00:25] ✅ 下载成功：https://raw.githubusercontent.com/michaelactions/iptv-jh/main/iptv.m3u
[2026-04-22 18:00:25] ✅ 文件验证通过：/root/.openclaw/workspace/iptv-jh/iptv.m3u.tmp (853 行)
[2026-04-22 18:00:25] 检查 EPG 源状态...
[2026-04-22 18:00:25] 下载：http://epg.51zmt.top:8000/e.xml
[2026-04-22 18:00:27] ✅ 下载成功：http://epg.51zmt.top:8000/e.xml
[2026-04-22 18:00:27] ✅ 文件验证通过：/root/.openclaw/workspace/iptv-jh/epg.xml (22085 行)
[2026-04-22 18:00:27] 生成最终订阅文件...
[2026-04-22 18:00:27] 正在合并 IPTV 与 EPG...
[2026-04-22 18:00:27] ✅ 合并完成：/root/.openclaw/workspace/iptv-jh/iptv-with-epg.m3u
[2026-04-22 18:00:27] ==========================
[2026-04-22 18:00:27] 📊 文件统计
[2026-04-22 18:00:27] ==========================
[2026-04-22 18:00:27] IPTV 频道数：426 个
[2026-04-22 18:00:27] EPG 条目数：102 个
[2026-04-22 18:00:27] 生成时间：2026-04-22 18:00:27
[2026-04-22 18:00:27] ========================================
[2026-04-22 18:00:27] ✅ IPTV + EPG 自动更新完成
[2026-04-22 18:00:27] ========================================
[2026-04-22 18:00:27] 
[2026-04-22 18:00:27] 📂 输出文件:
[2026-04-22 18:00:27]    - 纯 M3U:   /root/.openclaw/workspace/iptv-jh/iptv.m3u
[2026-04-22 18:00:27]    - EPG 版 M3U: /root/.openclaw/workspace/iptv-jh/iptv-with-epg.m3u
[2026-04-22 18:00:27]    - EPG XML:  /root/.openclaw/workspace/iptv-jh/epg.xml
[2026-04-22 18:00:27] 
[2026-04-23 06:30:01] ========================================
[2026-04-23 06:30:01] 🔄 IPTV + EPG 自动更新开始
[2026-04-23 06:30:01] ========================================
[2026-04-23 06:30:01] 检查 IPTV 源状态...
[2026-04-23 06:30:01] 下载：https://raw.githubusercontent.com/michaelactions/iptv-jh/main/iptv.m3u
[2026-04-23 06:30:01] ✅ 下载成功：https://raw.githubusercontent.com/michaelactions/iptv-jh/main/iptv.m3u
[2026-04-23 06:30:01] ✅ 文件验证通过：/root/.openclaw/workspace/iptv-jh/iptv.m3u.tmp (853 行)
[2026-04-23 06:30:01] 检查 EPG 源状态...
[2026-04-23 06:30:01] 下载：http://epg.51zmt.top:8000/e.xml
[2026-04-23 06:30:04] ✅ 下载成功：http://epg.51zmt.top:8000/e.xml
[2026-04-23 06:30:04] ✅ 文件验证通过：/root/.openclaw/workspace/iptv-jh/epg.xml (22328 行)
[2026-04-23 06:30:04] 生成最终订阅文件...
[2026-04-23 06:30:04] 正在合并 IPTV 与 EPG...
[2026-04-23 06:30:04] ✅ 合并完成：/root/.openclaw/workspace/iptv-jh/iptv-with-epg.m3u
[2026-04-23 06:30:04] ==========================
[2026-04-23 06:30:04] 📊 文件统计
[2026-04-23 06:30:04] ==========================
[2026-04-23 06:30:04] IPTV 频道数：426 个
[2026-04-23 06:30:04] EPG 条目数：102 个
[2026-04-23 06:30:04] 生成时间：2026-04-23 06:30:04
[2026-04-23 06:30:04] ========================================
[2026-04-23 06:30:04] ✅ IPTV + EPG 自动更新完成
[2026-04-23 06:30:04] ========================================
[2026-04-23 06:30:04] 
[2026-04-23 06:30:04] 📂 输出文件:
[2026-04-23 06:30:04]    - 纯 M3U:   /root/.openclaw/workspace/iptv-jh/iptv.m3u
[2026-04-23 06:30:04]    - EPG 版 M3U: /root/.openclaw/workspace/iptv-jh/iptv-with-epg.m3u
[2026-04-23 06:30:04]    - EPG XML:  /root/.openclaw/workspace/iptv-jh/epg.xml
[2026-04-23 06:30:04] 
[2026-04-24 06:30:01] ========================================
[2026-04-24 06:30:01] 🔄 IPTV + EPG 自动更新开始
[2026-04-24 06:30:01] ========================================
[2026-04-24 06:30:01] 检查 IPTV 源状态...
[2026-04-24 06:30:01] 下载：https://raw.githubusercontent.com/michaelactions/iptv-jh/main/iptv.m3u
[2026-04-24 06:30:01] ✅ 下载成功：https://raw.githubusercontent.com/michaelactions/iptv-jh/main/iptv.m3u
[2026-04-24 06:30:01] ✅ 文件验证通过：/root/.openclaw/workspace/iptv-jh/iptv.m3u.tmp (851 行)
[2026-04-24 06:30:01] 检查 EPG 源状态...
[2026-04-24 06:30:01] 下载：http://epg.51zmt.top:8000/e.xml
[2026-04-24 06:30:05] ✅ 下载成功：http://epg.51zmt.top:8000/e.xml
[2026-04-24 06:30:05] ✅ 文件验证通过：/root/.openclaw/workspace/iptv-jh/epg.xml (21940 行)
[2026-04-24 06:30:05] 生成最终订阅文件...
[2026-04-24 06:30:05] 正在合并 IPTV 与 EPG...
[2026-04-24 06:30:05] ✅ 合并完成：/root/.openclaw/workspace/iptv-jh/iptv-with-epg.m3u
[2026-04-24 06:30:05] ==========================
[2026-04-24 06:30:05] 📊 文件统计
[2026-04-24 06:30:05] ==========================
[2026-04-24 06:30:05] IPTV 频道数：425 个
[2026-04-24 06:30:05] EPG 条目数：101 个
[2026-04-24 06:30:05] 生成时间：2026-04-24 06:30:05
[2026-04-24 06:30:05] ========================================
[2026-04-24 06:30:05] ✅ IPTV + EPG 自动更新完成
[2026-04-24 06:30:05] ========================================
[2026-04-24 06:30:05] 
[2026-04-24 06:30:05] 📂 输出文件:
[2026-04-24 06:30:05]    - 纯 M3U:   /root/.openclaw/workspace/iptv-jh/iptv.m3u
[2026-04-24 06:30:05]    - EPG 版 M3U: /root/.openclaw/workspace/iptv-jh/iptv-with-epg.m3u
[2026-04-24 06:30:05]    - EPG XML:  /root/.openclaw/workspace/iptv-jh/epg.xml
[2026-04-24 06:30:05] 
[2026-04-25 06:30:01] ========================================
[2026-04-25 06:30:01] 🔄 IPTV + EPG 自动更新开始
[2026-04-25 06:30:01] ========================================
[2026-04-25 06:30:01] 检查 IPTV 源状态...
[2026-04-25 06:30:01] 下载：https://raw.githubusercontent.com/michaelactions/iptv-jh/main/iptv.m3u
[2026-04-25 06:30:01] ✅ 下载成功：https://raw.githubusercontent.com/michaelactions/iptv-jh/main/iptv.m3u
[2026-04-25 06:30:01] ✅ 文件验证通过：/root/.openclaw/workspace/iptv-jh/iptv.m3u.tmp (851 行)
[2026-04-25 06:30:01] 检查 EPG 源状态...
[2026-04-25 06:30:01] 下载：http://epg.51zmt.top:8000/e.xml
[2026-04-25 06:30:07] ✅ 下载成功：http://epg.51zmt.top:8000/e.xml
[2026-04-25 06:30:07] ✅ 文件验证通过：/root/.openclaw/workspace/iptv-jh/epg.xml (21752 行)
[2026-04-25 06:30:07] 生成最终订阅文件...
[2026-04-25 06:30:07] 正在合并 IPTV 与 EPG...
[2026-04-25 06:30:07] ✅ 合并完成：/root/.openclaw/workspace/iptv-jh/iptv-with-epg.m3u
[2026-04-25 06:30:07] ==========================
[2026-04-25 06:30:07] 📊 文件统计
[2026-04-25 06:30:07] ==========================
[2026-04-25 06:30:07] IPTV 频道数：425 个
[2026-04-25 06:30:07] EPG 条目数：102 个
[2026-04-25 06:30:07] 生成时间：2026-04-25 06:30:07
[2026-04-25 06:30:07] ========================================
[2026-04-25 06:30:07] ✅ IPTV + EPG 自动更新完成
[2026-04-25 06:30:07] ========================================
[2026-04-25 06:30:07] 
[2026-04-25 06:30:07] 📂 输出文件:
[2026-04-25 06:30:07]    - 纯 M3U:   /root/.openclaw/workspace/iptv-jh/iptv.m3u
[2026-04-25 06:30:07]    - EPG 版 M3U: /root/.openclaw/workspace/iptv-jh/iptv-with-epg.m3u
[2026-04-25 06:30:07]    - EPG XML:  /root/.openclaw/workspace/iptv-jh/epg.xml
[2026-04-25 06:30:07] 
[2026-04-26 06:30:01] ========================================
[2026-04-26 06:30:01] 🔄 IPTV + EPG 自动更新开始
[2026-04-26 06:30:01] ========================================
[2026-04-26 06:30:01] 检查 IPTV 源状态...
[2026-04-26 06:30:01] 下载：https://raw.githubusercontent.com/michaelactions/iptv-jh/main/iptv.m3u
[2026-04-26 06:30:01] ✅ 下载成功：https://raw.githubusercontent.com/michaelactions/iptv-jh/main/iptv.m3u
[2026-04-26 06:30:01] ✅ 文件验证通过：/root/.openclaw/workspace/iptv-jh/iptv.m3u.tmp (857 行)
[2026-04-26 06:30:01] 检查 EPG 源状态...
[2026-04-26 06:30:01] 下载：http://epg.51zmt.top:8000/e.xml
[2026-04-26 06:30:04] ✅ 下载成功：http://epg.51zmt.top:8000/e.xml
[2026-04-26 06:30:04] ✅ 文件验证通过：/root/.openclaw/workspace/iptv-jh/epg.xml (11930 行)
[2026-04-26 06:30:04] 生成最终订阅文件...
[2026-04-26 06:30:04] 正在合并 IPTV 与 EPG...
[2026-04-26 06:30:04] ✅ 合并完成：/root/.openclaw/workspace/iptv-jh/iptv-with-epg.m3u
[2026-04-26 06:30:04] ==========================
[2026-04-26 06:30:04] 📊 文件统计
[2026-04-26 06:30:04] ==========================
[2026-04-26 06:30:04] IPTV 频道数：428 个
[2026-04-26 06:30:04] EPG 条目数：102 个
[2026-04-26 06:30:04] 生成时间：2026-04-26 06:30:04
[2026-04-26 06:30:04] ========================================
[2026-04-26 06:30:04] ✅ IPTV + EPG 自动更新完成
[2026-04-26 06:30:04] ========================================
[2026-04-26 06:30:04] 
[2026-04-26 06:30:04] 📂 输出文件:
[2026-04-26 06:30:04]    - 纯 M3U:   /root/.openclaw/workspace/iptv-jh/iptv.m3u
[2026-04-26 06:30:04]    - EPG 版 M3U: /root/.openclaw/workspace/iptv-jh/iptv-with-epg.m3u
[2026-04-26 06:30:04]    - EPG XML:  /root/.openclaw/workspace/iptv-jh/epg.xml
[2026-04-26 06:30:04] 
[2026-04-27 06:30:01] ========================================
[2026-04-27 06:30:01] 🔄 IPTV + EPG 自动更新开始
[2026-04-27 06:30:01] ========================================
[2026-04-27 06:30:01] 检查 IPTV 源状态...
[2026-04-27 06:30:01] 下载：https://raw.githubusercontent.com/michaelactions/iptv-jh/main/iptv.m3u
[2026-04-27 06:30:01] ✅ 下载成功：https://raw.githubusercontent.com/michaelactions/iptv-jh/main/iptv.m3u
[2026-04-27 06:30:01] ✅ 文件验证通过：/root/.openclaw/workspace/iptv-jh/iptv.m3u.tmp (859 行)
[2026-04-27 06:30:01] 检查 EPG 源状态...
[2026-04-27 06:30:01] 下载：http://epg.51zmt.top:8000/e.xml
[2026-04-27 06:30:07] ✅ 下载成功：http://epg.51zmt.top:8000/e.xml
[2026-04-27 06:30:07] ✅ 文件验证通过：/root/.openclaw/workspace/iptv-jh/epg.xml (22430 行)
[2026-04-27 06:30:07] 生成最终订阅文件...
[2026-04-27 06:30:07] 正在合并 IPTV 与 EPG...
[2026-04-27 06:30:07] ✅ 合并完成：/root/.openclaw/workspace/iptv-jh/iptv-with-epg.m3u
[2026-04-27 06:30:07] ==========================
[2026-04-27 06:30:07] 📊 文件统计
[2026-04-27 06:30:07] ==========================
[2026-04-27 06:30:07] IPTV 频道数：429 个
[2026-04-27 06:30:07] EPG 条目数：102 个
[2026-04-27 06:30:07] 生成时间：2026-04-27 06:30:07
[2026-04-27 06:30:07] ========================================
[2026-04-27 06:30:07] ✅ IPTV + EPG 自动更新完成
[2026-04-27 06:30:07] ========================================
[2026-04-27 06:30:07] 
[2026-04-27 06:30:07] 📂 输出文件:
[2026-04-27 06:30:07]    - 纯 M3U:   /root/.openclaw/workspace/iptv-jh/iptv.m3u
[2026-04-27 06:30:07]    - EPG 版 M3U: /root/.openclaw/workspace/iptv-jh/iptv-with-epg.m3u
[2026-04-27 06:30:07]    - EPG XML:  /root/.openclaw/workspace/iptv-jh/epg.xml
[2026-04-27 06:30:07] 
[2026-04-28 06:30:01] ========================================
[2026-04-28 06:30:01] 🔄 IPTV + EPG 自动更新开始
[2026-04-28 06:30:01] ========================================
[2026-04-28 06:30:01] 检查 IPTV 源状态...
[2026-04-28 06:30:01] 下载：https://raw.githubusercontent.com/michaelactions/iptv-jh/main/iptv.m3u
[2026-04-28 06:30:01] ✅ 下载成功：https://raw.githubusercontent.com/michaelactions/iptv-jh/main/iptv.m3u
[2026-04-28 06:30:01] ✅ 文件验证通过：/root/.openclaw/workspace/iptv-jh/iptv.m3u.tmp (859 行)
[2026-04-28 06:30:01] 检查 EPG 源状态...
[2026-04-28 06:30:01] 下载：http://epg.51zmt.top:8000/e.xml
[2026-04-28 06:30:11] ✅ 下载成功：http://epg.51zmt.top:8000/e.xml
[2026-04-28 06:30:11] ✅ 文件验证通过：/root/.openclaw/workspace/iptv-jh/epg.xml (21748 行)
[2026-04-28 06:30:11] 生成最终订阅文件...
[2026-04-28 06:30:11] 正在合并 IPTV 与 EPG...
[2026-04-28 06:30:11] ✅ 合并完成：/root/.openclaw/workspace/iptv-jh/iptv-with-epg.m3u
[2026-04-28 06:30:11] ==========================
[2026-04-28 06:30:11] 📊 文件统计
[2026-04-28 06:30:11] ==========================
[2026-04-28 06:30:11] IPTV 频道数：429 个
[2026-04-28 06:30:11] EPG 条目数：102 个
[2026-04-28 06:30:11] 生成时间：2026-04-28 06:30:11
[2026-04-28 06:30:11] ========================================
[2026-04-28 06:30:11] ✅ IPTV + EPG 自动更新完成
[2026-04-28 06:30:11] ========================================
[2026-04-28 06:30:11] 
[2026-04-28 06:30:11] 📂 输出文件:
[2026-04-28 06:30:11]    - 纯 M3U:   /root/.openclaw/workspace/iptv-jh/iptv.m3u
[2026-04-28 06:30:11]    - EPG 版 M3U: /root/.openclaw/workspace/iptv-jh/iptv-with-epg.m3u
[2026-04-28 06:30:11]    - EPG XML:  /root/.openclaw/workspace/iptv-jh/epg.xml
[2026-04-28 06:30:11] 
[2026-04-29 06:30:01] ========================================
[2026-04-29 06:30:01] 🔄 IPTV + EPG 自动更新开始
[2026-04-29 06:30:01] ========================================
[2026-04-29 06:30:01] 检查 IPTV 源状态...
[2026-04-29 06:30:01] 下载：https://raw.githubusercontent.com/michaelactions/iptv-jh/main/iptv.m3u
[2026-04-29 06:30:01] ✅ 下载成功：https://raw.githubusercontent.com/michaelactions/iptv-jh/main/iptv.m3u
[2026-04-29 06:30:01] ✅ 文件验证通过：/root/.openclaw/workspace/iptv-jh/iptv.m3u.tmp (863 行)
[2026-04-29 06:30:01] 检查 EPG 源状态...
[2026-04-29 06:30:01] 下载：http://epg.51zmt.top:8000/e.xml
[2026-04-29 06:30:05] ✅ 下载成功：http://epg.51zmt.top:8000/e.xml
[2026-04-29 06:30:05] ✅ 文件验证通过：/root/.openclaw/workspace/iptv-jh/epg.xml (21499 行)
[2026-04-29 06:30:05] 生成最终订阅文件...
[2026-04-29 06:30:05] 正在合并 IPTV 与 EPG...
[2026-04-29 06:30:05] ✅ 合并完成：/root/.openclaw/workspace/iptv-jh/iptv-with-epg.m3u
[2026-04-29 06:30:05] ==========================
[2026-04-29 06:30:05] 📊 文件统计
[2026-04-29 06:30:05] ==========================
[2026-04-29 06:30:05] IPTV 频道数：431 个
[2026-04-29 06:30:05] EPG 条目数：102 个
[2026-04-29 06:30:05] 生成时间：2026-04-29 06:30:05
[2026-04-29 06:30:05] ========================================
[2026-04-29 06:30:05] ✅ IPTV + EPG 自动更新完成
[2026-04-29 06:30:05] ========================================
[2026-04-29 06:30:05] 
[2026-04-29 06:30:05] 📂 输出文件:
[2026-04-29 06:30:05]    - 纯 M3U:   /root/.openclaw/workspace/iptv-jh/iptv.m3u
[2026-04-29 06:30:05]    - EPG 版 M3U: /root/.openclaw/workspace/iptv-jh/iptv-with-epg.m3u
[2026-04-29 06:30:05]    - EPG XML:  /root/.openclaw/workspace/iptv-jh/epg.xml
[2026-04-29 06:30:05] 
